// Jest Snapshot v1, https://goo.gl/fbAQLP

exports[`Profile Page Rendered Correctly 1`] = `
<div
  data-testid="profile-page"
>
  <div
    class=" bg-background  bg-cover bg-no-repeat w-full h-full flex flex-col justify-center items-center content-center "
    data-testid="profile"
  >
    <div
      class=" mt-5 mb-14 w-5/6 bg-background rounded-lg h-full relative"
    >
      <div
        class="flex flex-col justify-center items-center rounded-lg "
      >
        <img
          alt="Background Img"
          class="bg-cover bg-center w-full min-h-[20vh] md:min-h-[40vh] rounded-lg "
          src="defaultBGImg.jpg"
        />
        <img
          alt="Profile Img"
          class="rounded-full w-36 absolute flex outline outline-background  min-h-[15vh] md:min-h-[30vh] min-w-[15vh] md:min-w-[30vh]"
          src="defaultProfileImg.jpg"
        />
      </div>
      <div
        class="flex flex-col items-center justify-center content-center  mb-14  rounded-lg  pt-4"
      >
        <h1
          class="font-bold text-[20px] sm:text-[26px] lg:text-[34px] text-primary m-1"
        >
           
        </h1>
        <button
          class="text-primary hover:text-secondary"
          type="button"
        >
          <svg
            class="w-6 h-6 m-3"
            fill="none"
            stroke="currentColor"
            stroke-width="1.5"
            viewBox="0 0 24 24"
            xmlns="http://www.w3.org/2000/svg"
          >
            <path
              d="M10.343 3.94c.09-.542.56-.94 1.11-.94h1.093c.55 0 1.02.398 1.11.94l.149.894c.07.424.384.764.78.93.398.164.855.142 1.205-.108l.737-.527a1.125 1.125 0 011.45.12l.773.774c.39.389.44 1.002.12 1.45l-.527.737c-.25.35-.272.806-.107 1.204.165.397.505.71.93.78l.893.15c.543.09.94.56.94 1.109v1.094c0 .55-.397 1.02-.94 1.11l-.893.149c-.425.07-.765.383-.93.78-.165.398-.143.854.107 1.204l.527.738c.32.447.269 1.06-.12 1.45l-.774.773a1.125 1.125 0 01-1.449.12l-.738-.527c-.35-.25-.806-.272-1.203-.107-.397.165-.71.505-.781.929l-.149.894c-.09.542-.56.94-1.11.94h-1.094c-.55 0-1.019-.398-1.11-.94l-.148-.894c-.071-.424-.384-.764-.781-.93-.398-.164-.854-.142-1.204.108l-.738.527c-.447.32-1.06.269-1.45-.12l-.773-.774a1.125 1.125 0 01-.12-1.45l.527-.737c.25-.35.273-.806.108-1.204-.165-.397-.505-.71-.93-.78l-.894-.15c-.542-.09-.94-.56-.94-1.109v-1.094c0-.55.398-1.02.94-1.11l.894-.149c.424-.07.765-.383.93-.78.165-.398.143-.854-.107-1.204l-.527-.738a1.125 1.125 0 01.12-1.45l.773-.773a1.125 1.125 0 011.45-.12l.737.527c.35.25.807.272 1.204.107.397-.165.71-.505.78-.929l.15-.894z"
              stroke-linecap="round"
              stroke-linejoin="round"
            />
            <path
              d="M15 12a3 3 0 11-6 0 3 3 0 016 0z"
              stroke-linecap="round"
              stroke-linejoin="round"
            />
          </svg>
        </button>
        <div
          class=" items-center divide-x border-t border-primary "
        >
          <div
            class="flex-grow border-t border-primary divide-x"
          />
          <h3
            class="flex-shrink mx-16 font-bold text-[14px] sm:text-[18px] lg:text-[24px] text-primary mt-3 mb-3"
          >
            My Items
          </h3>
        </div>
        <div
          class="grid xl:grid-cols-2 gap-4 p-5 max-w-screen-2xl	"
        />
        <a
          class="w-full text-center"
          href="/add-item"
        >
          <button
            class="w-1/2 p-4 font-semibold shadow-lg bg-primary text-background  rounded-md hover:bg-tertiary hover:text-primary duration-500"
            type="button"
          >
            Add New Item
          </button>
        </a>
      </div>
    </div>
  </div>
</div>
`;
