// Jest Snapshot v1, https://goo.gl/fbAQLP

exports[`Sign In Page Renders Correctly 1`] = `
<div
  class="w-full grid gap-4 lg:grid-cols-3 md:grid-cols-2 grid-cols-1 content-center items-center justify-items-center bg-background py-6 my-2"
  data-testid="item-card"
>
  <div />
</div>
`;
