// Jest Snapshot v1, https://goo.gl/fbAQLP

exports[`Add item form component rendered correctly 1`] = `
<div
  class="flex items-center justify-end bg-background p-3"
  data-testid="edit-item"
>
  <button
    class="rounded-md bg-primary bg-opacity-20 px-4 py-2 text-sm font-medium text-primary hover:bg-opacity-30 focus:outline-none focus-visible:ring-2 focus-visible:ring-white focus-visible:ring-opacity-75"
    type="button"
  >
    Edit Item 
    <svg
      class="text-primary w-4 h-6 inline"
      fill="none"
      height="1em"
      stroke="currentColor"
      stroke-linecap="round"
      stroke-linejoin="round"
      stroke-width="2"
      viewBox="0 0 24 24"
      width="1em"
      xmlns="http://www.w3.org/2000/svg"
    >
      <desc />
      <path
        d="M0 0h24v24H0z"
        fill="none"
        stroke="none"
      />
      <path
        d="M7 7h-1a2 2 0 0 0 -2 2v9a2 2 0 0 0 2 2h9a2 2 0 0 0 2 -2v-1"
      />
      <path
        d="M20.385 6.585a2.1 2.1 0 0 0 -2.97 -2.97l-8.415 8.385v3h3l8.385 -8.415z"
      />
      <path
        d="M16 5l3 3"
      />
    </svg>
  </button>
</div>
`;
