// Jest Snapshot v1, https://goo.gl/fbAQLP

exports[`render NavBar correctly 1`] = `
<nav
  class="shadow-md w-full z-10 fixed top-0 left-0 bg-primary"
>
  <div
    class="md:flex bg-primary py-2 items-center justify-between md:px-8 px-10 max-h-24"
  >
    <div>
      <a
        href="/"
      >
        <img
          alt="logo"
          class="object-scale-down h-20 md:justify-self-center py-0"
          src="https://cdn.discordapp.com/attachments/1031834305703460906/1035627738440159303/Asset_23.png"
        />
      </a>
    </div>
    <button
      type="button"
    >
      <svg
        class="text-6xl text-secondary absolute right-8 top-5 cursor-pointer md:hidden"
        fill="currentColor"
        height="1em"
        stroke="currentColor"
        stroke-width="0"
        viewBox="0 0 448 512"
        width="1em"
        xmlns="http://www.w3.org/2000/svg"
      >
        <path
          d="M16 132h416c8.837 0 16-7.163 16-16V76c0-8.837-7.163-16-16-16H16C7.163 60 0 67.163 0 76v40c0 8.837 7.163 16 16 16zm0 160h416c8.837 0 16-7.163 16-16v-40c0-8.837-7.163-16-16-16H16c-8.837 0-16 7.163-16 16v40c0 8.837 7.163 16 16 16zm0 160h416c8.837 0 16-7.163 16-16v-40c0-8.837-7.163-16-16-16H16c-8.837 0-16 7.163-16 16v40c0 8.837 7.163 16 16 16z"
        />
      </svg>
    </button>
    <ul
      class="flex items-center md:justify-items-end justify-items-center md:flex-row flex-col md:pb-0 pb-2 absolute md:static bg-primary md:z-auto z-[-1] left-0 w-full md:w-auto transition-all duration-500 ease-in top-[-170px]"
    >
      <li>
        <a
          class="md:ml-6 text-xl md:my-0 text-background hover:text-secondary duration-500"
          href="/"
        >
          Home
        </a>
      </li>
      <li>
        <a
          class="md:ml-6 text-xl md:my-0 text-background hover:text-secondary duration-500"
          href="/products"
        >
          Products
        </a>
      </li>
      <li>
        <a
          class="md:ml-6 text-xl md:my-0 text-background hover:text-secondary duration-500"
          href="/faq"
        >
          FAQ 
        </a>
      </li>
      <li>
        <a
          class="md:ml-6 text-xl md:my-0 text-background hover:text-secondary duration-500"
          href="/about"
        >
          About
        </a>
      </li>
      <li>
        <a
          class="md:ml-6 text-xl md:my-0 text-background hover:text-secondary duration-500"
          href="/profile"
        >
          Profile
        </a>
      </li>
      <li>
        <a
          class="md:ml-6 text-xl md:my-0 text-background hover:text-secondary duration-500"
          href="/signup"
        >
          SignUp
        </a>
      </li>
      <li>
        <a
          class="md:ml-6 text-xl md:my-0 text-background hover:text-secondary duration-500"
          href="/signin"
        >
          SignIn
        </a>
      </li>
      <li>
        <a
          class="md:ml-6 text-xl md:my-0 text-background hover:text-secondary duration-500"
          href="/logout"
        >
          LogOut
        </a>
      </li>
      <div
        class="relative inline-block text-left"
        data-headlessui-state=""
        data-testid="language-button"
      >
        <div>
          <button
            aria-expanded="false"
            aria-haspopup="true"
            class="md:ml-6 text-2xl md:mt-0 mt-2 text-background hover:text-secondary duration-500"
            data-headlessui-state=""
            data-testid="language-botton-toggle"
            id="headlessui-menu-button-:r0:"
            type="button"
          >
            <svg
              fill="currentColor"
              height="1em"
              role="img"
              stroke="currentColor"
              stroke-width="0"
              viewBox="0 0 24 24"
              width="1em"
              xmlns="http://www.w3.org/2000/svg"
            >
              <title />
              <path
                d="M22.401 4.818h-9.927L10.927 0H1.599C.72 0 .002.719.002 1.599v16.275c0 .878.72 1.597 1.597 1.597h10L13.072 24H22.4c.878 0 1.597-.707 1.597-1.572V6.39c0-.865-.72-1.572-1.597-1.572zm-15.66 8.68c-2.07 0-3.75-1.68-3.75-3.75 0-2.07 1.68-3.75 3.75-3.75 1.012 0 1.86.375 2.512.976l-.99.952a2.194 2.194 0 0 0-1.522-.584c-1.305 0-2.363 1.08-2.363 2.409S5.436 12.16 6.74 12.16c1.507 0 2.13-1.08 2.19-1.808l-2.188-.002V9.066h3.51c.05.23.09.457.09.764 0 2.147-1.434 3.669-3.602 3.669zm16.757 8.93c0 .59-.492 1.072-1.097 1.072h-8.875l3.649-4.03h.005l-.74-2.302.006-.005s.568-.488 1.277-1.24c.712.771 1.63 1.699 2.818 2.805l.771-.772c-1.272-1.154-2.204-2.07-2.89-2.805.919-1.087 1.852-2.455 2.049-3.707h2.034v.002h.002v-.94h-4.532v-1.52h-1.471v1.52H14.3l-1.672-5.21.006.022h9.767c.605 0 1.097.48 1.097 1.072v16.038zm-6.484-7.311c-.536.548-.943.873-.943.873l-.008.004-1.46-4.548h4.764c-.307 1.084-.988 2.108-1.651 2.904-1.176-1.392-1.18-1.844-1.18-1.844h-1.222s.05.678 1.7 2.61z"
              />
            </svg>
          </button>
        </div>
      </div>
    </ul>
  </div>
</nav>
`;
