// Jest Snapshot v1, https://goo.gl/fbAQLP

exports[`SubmitButton renders correctly 1`] = `
<button
  className="shadow-lg justify-center py-2 px-4 border border-secondary rounded-md text-sm font-medium text-background bg-primary hover:bg-primary focus:outline-none focus:ring-2 focus:ring-offset-2 focus:ring-secondary"
  type="submit"
>
  undefined
</button>
`;
