// Jest Snapshot v1, https://goo.gl/fbAQLP

exports[`Sort the Products 1`] = `
Object {
  "asFragment": [Function],
  "baseElement": <body>
    <div>
      <div
        class="md:flex h-full text-background p-6 bg-background gap-4 mt-11"
        data-testid="item-details-page"
      >
        <div>
          <img
            alt="headphones"
            class="max-h-full min-h-[600px] mb-6 md:mb-0"
            src="https://images.unsplash.com/photo-1553062407-98eeb64c6a62?ixlib=rb-4.0.3&ixid=MnwxMjA3fDB8MHxzZWFyY2h8NHx8YmFnfGVufDB8fDB8fA%3D%3D&w=1000&q=80"
          />
        </div>
        <div
          class=" md:max-w-lg md:ml-auto min-h-[700px] max-h-full md:mr-auto flex flex-col gap-7 rounded pt-5 px-5 bg-primary "
        >
          <div>
            <h2
              class="font-bold text-3xl "
            >
              Backpack
            </h2>
            <span>
              Other
            </span>
          </div>
          <span
            class="flex gap-1"
          >
            <p
              class="font-semibold"
            >
              items_details.price
            </p>
             $60
          </span>
          <span
            class="flex gap-1"
          >
            <p
              class="font-semibold"
            >
              items_details.item_type
            </p>
             New
          </span>
          <span
            class="flex gap-1"
          >
            <p
              class="font-semibold"
            >
              items_details.country
            </p>
             Spain
          </span>
          <span
            class="flex gap-1"
          >
            <p
              class="font-semibold"
            >
              items_details.address
            </p>
             C/Conde de Xiquena 7, 3ยบ, 1A Izda, 280280, Madrid
          </span>
          <div>
            <span
              class="font-bold text-xl"
            >
              items_details.description
            </span>
            <p
              class="text-lg"
            >
              Lorem ipsum dolor sit, amet consectetur adipisicing elit. Voluptatem facilis cupiditate reiciendis dignissimos hic aliquam esse aspernatur quam similique libero!
            </p>
          </div>
          <button
            class="bg-tertiary px-4 py-4 w-full lg:w-auto text-white font-semibold rounded-lg hover:shadow-lg hover:bg-secondary transition duration-500 cursor-pointer"
            type="submit"
          >
            items_details.email_owner
          </button>
        </div>
      </div>
    </div>
  </body>,
  "container": <div>
    <div
      class="md:flex h-full text-background p-6 bg-background gap-4 mt-11"
      data-testid="item-details-page"
    >
      <div>
        <img
          alt="headphones"
          class="max-h-full min-h-[600px] mb-6 md:mb-0"
          src="https://images.unsplash.com/photo-1553062407-98eeb64c6a62?ixlib=rb-4.0.3&ixid=MnwxMjA3fDB8MHxzZWFyY2h8NHx8YmFnfGVufDB8fDB8fA%3D%3D&w=1000&q=80"
        />
      </div>
      <div
        class=" md:max-w-lg md:ml-auto min-h-[700px] max-h-full md:mr-auto flex flex-col gap-7 rounded pt-5 px-5 bg-primary "
      >
        <div>
          <h2
            class="font-bold text-3xl "
          >
            Backpack
          </h2>
          <span>
            Other
          </span>
        </div>
        <span
          class="flex gap-1"
        >
          <p
            class="font-semibold"
          >
            items_details.price
          </p>
           $60
        </span>
        <span
          class="flex gap-1"
        >
          <p
            class="font-semibold"
          >
            items_details.item_type
          </p>
           New
        </span>
        <span
          class="flex gap-1"
        >
          <p
            class="font-semibold"
          >
            items_details.country
          </p>
           Spain
        </span>
        <span
          class="flex gap-1"
        >
          <p
            class="font-semibold"
          >
            items_details.address
          </p>
           C/Conde de Xiquena 7, 3ยบ, 1A Izda, 280280, Madrid
        </span>
        <div>
          <span
            class="font-bold text-xl"
          >
            items_details.description
          </span>
          <p
            class="text-lg"
          >
            Lorem ipsum dolor sit, amet consectetur adipisicing elit. Voluptatem facilis cupiditate reiciendis dignissimos hic aliquam esse aspernatur quam similique libero!
          </p>
        </div>
        <button
          class="bg-tertiary px-4 py-4 w-full lg:w-auto text-white font-semibold rounded-lg hover:shadow-lg hover:bg-secondary transition duration-500 cursor-pointer"
          type="submit"
        >
          items_details.email_owner
        </button>
      </div>
    </div>
  </div>,
  "debug": [Function],
  "findAllByAltText": [Function],
  "findAllByDisplayValue": [Function],
  "findAllByLabelText": [Function],
  "findAllByPlaceholderText": [Function],
  "findAllByRole": [Function],
  "findAllByTestId": [Function],
  "findAllByText": [Function],
  "findAllByTitle": [Function],
  "findByAltText": [Function],
  "findByDisplayValue": [Function],
  "findByLabelText": [Function],
  "findByPlaceholderText": [Function],
  "findByRole": [Function],
  "findByTestId": [Function],
  "findByText": [Function],
  "findByTitle": [Function],
  "getAllByAltText": [Function],
  "getAllByDisplayValue": [Function],
  "getAllByLabelText": [Function],
  "getAllByPlaceholderText": [Function],
  "getAllByRole": [Function],
  "getAllByTestId": [Function],
  "getAllByText": [Function],
  "getAllByTitle": [Function],
  "getByAltText": [Function],
  "getByDisplayValue": [Function],
  "getByLabelText": [Function],
  "getByPlaceholderText": [Function],
  "getByRole": [Function],
  "getByTestId": [Function],
  "getByText": [Function],
  "getByTitle": [Function],
  "queryAllByAltText": [Function],
  "queryAllByDisplayValue": [Function],
  "queryAllByLabelText": [Function],
  "queryAllByPlaceholderText": [Function],
  "queryAllByRole": [Function],
  "queryAllByTestId": [Function],
  "queryAllByText": [Function],
  "queryAllByTitle": [Function],
  "queryByAltText": [Function],
  "queryByDisplayValue": [Function],
  "queryByLabelText": [Function],
  "queryByPlaceholderText": [Function],
  "queryByRole": [Function],
  "queryByTestId": [Function],
  "queryByText": [Function],
  "queryByTitle": [Function],
  "rerender": [Function],
  "unmount": [Function],
}
`;
